###############################################################################
#
# IAR ELF Linker V7.50.2.10312/W32 for ARM                19/Oct/2018  22:13:37
# Copyright 2007-2015 IAR Systems AB.
#
#    Output file  =  
#        C:\Users\sasha\Documents\keil\kursach\test
#        test\test\EWARM\test\Exe\test.out
#    Map file     =  
#        C:\Users\sasha\Documents\keil\kursach\test
#        test\test\EWARM\test\List\test.map
#    Command line =  
#        "C:\Users\sasha\Documents\keil\kursach\test
#        test\test\EWARM\test\Obj\main.o"
#        "C:\Users\sasha\Documents\keil\kursach\test
#        test\test\EWARM\test\Obj\startup_stm32f407xx.o"
#        "C:\Users\sasha\Documents\keil\kursach\test
#        test\test\EWARM\test\Obj\stm32f4xx_hal.o"
#        "C:\Users\sasha\Documents\keil\kursach\test
#        test\test\EWARM\test\Obj\stm32f4xx_hal_adc.o"
#        "C:\Users\sasha\Documents\keil\kursach\test
#        test\test\EWARM\test\Obj\stm32f4xx_hal_adc_ex.o"
#        "C:\Users\sasha\Documents\keil\kursach\test
#        test\test\EWARM\test\Obj\stm32f4xx_hal_cortex.o"
#        "C:\Users\sasha\Documents\keil\kursach\test
#        test\test\EWARM\test\Obj\stm32f4xx_hal_dma.o"
#        "C:\Users\sasha\Documents\keil\kursach\test
#        test\test\EWARM\test\Obj\stm32f4xx_hal_dma_ex.o"
#        "C:\Users\sasha\Documents\keil\kursach\test
#        test\test\EWARM\test\Obj\stm32f4xx_hal_flash.o"
#        "C:\Users\sasha\Documents\keil\kursach\test
#        test\test\EWARM\test\Obj\stm32f4xx_hal_flash_ex.o"
#        "C:\Users\sasha\Documents\keil\kursach\test
#        test\test\EWARM\test\Obj\stm32f4xx_hal_flash_ramfunc.o"
#        "C:\Users\sasha\Documents\keil\kursach\test
#        test\test\EWARM\test\Obj\stm32f4xx_hal_gpio.o"
#        "C:\Users\sasha\Documents\keil\kursach\test
#        test\test\EWARM\test\Obj\stm32f4xx_hal_msp.o"
#        "C:\Users\sasha\Documents\keil\kursach\test
#        test\test\EWARM\test\Obj\stm32f4xx_hal_pwr.o"
#        "C:\Users\sasha\Documents\keil\kursach\test
#        test\test\EWARM\test\Obj\stm32f4xx_hal_pwr_ex.o"
#        "C:\Users\sasha\Documents\keil\kursach\test
#        test\test\EWARM\test\Obj\stm32f4xx_hal_rcc.o"
#        "C:\Users\sasha\Documents\keil\kursach\test
#        test\test\EWARM\test\Obj\stm32f4xx_hal_rcc_ex.o"
#        "C:\Users\sasha\Documents\keil\kursach\test
#        test\test\EWARM\test\Obj\stm32f4xx_hal_tim.o"
#        "C:\Users\sasha\Documents\keil\kursach\test
#        test\test\EWARM\test\Obj\stm32f4xx_hal_tim_ex.o"
#        "C:\Users\sasha\Documents\keil\kursach\test
#        test\test\EWARM\test\Obj\stm32f4xx_it.o"
#        "C:\Users\sasha\Documents\keil\kursach\test
#        test\test\EWARM\test\Obj\system_stm32f4xx.o" --redirect
#        _Printf=_PrintfFull --redirect _Scanf=_ScanfFull -o
#        "C:\Users\sasha\Documents\keil\kursach\test
#        test\test\EWARM\test\Exe\test.out" --map
#        "C:\Users\sasha\Documents\keil\kursach\test
#        test\test\EWARM\test\List\test.map" --config
#        "C:\Users\sasha\Documents\keil\kursach\test
#        test\test\EWARM/stm32f407xx_flash.icf" --semihosting --entry
#        __iar_program_start --redirect __iar_sh_stdout=__iar_sh_stdout_swo
#        --vfe
#
###############################################################################

*******************************************************************************
*** RUNTIME MODEL ATTRIBUTES
***

CppFlavor                     = *
__Heap_Handler                = Basic
__SystemLibrary               = DLib
__dlib_dynamic_initialization = normal


*******************************************************************************
*** PLACEMENT SUMMARY
***

"A1":  place at 0x08000000 { ro section .intvec };
"P1":  place in [from 0x08000000 to 0x080fffff] { ro };
"P2":  place in [from 0x20000000 to 0x2001ffff] { rw, block CSTACK, block HEAP };

  Section             Kind        Address    Size  Object
  -------             ----        -------    ----  ------
"A1":                                       0x188
  .intvec             ro code  0x08000000   0x188  startup_stm32f407xx.o [1]
                             - 0x08000188   0x188

"P1":                                      0x3bc1
  .text               ro code  0x08000188  0x1166  xprintffull.o [3]
  .text               ro code  0x080012ee    0x20  xmbtowc.o [3]
  .text               ro code  0x08001310    0x16  strchr.o [5]
  .text               ro code  0x08001328    0x36  strlen.o [5]
  .text               ro code  0x08001360    0x58  memchr.o [5]
  .text               ro code  0x080013b8     0xa  xmbcurmax.o [3]
  .text               ro code  0x080013c4    0xb0  xxmemxmalloc.o [3]
  .text               ro code  0x08001474    0x1a  xwctomb.o [3]
  .text               ro code  0x08001490    0x76  ABImemcpy_unaligned.o [5]
  .text               ro code  0x08001508    0x80  xxmemxfree.o [3]
  .text               ro code  0x08001588    0xee  I64DivMod.o [5]
  .text               ro code  0x08001676    0x42  xdnorm.o [4]
  .text               ro code  0x080016b8    0x2e  DblCmpLe.o [4]
  .text               ro code  0x080016e8    0x2e  DblCmpGe.o [4]
  .text               ro code  0x08001718   0x114  xdscale.o [4]
  .text               ro code  0x0800182c    0x58  DblToI32.o [4]
  .text               ro code  0x08001884    0x30  I32ToDbl.o [4]
  .text               ro code  0x080018b4   0x180  DblSub.o [4]
  .text               ro code  0x08001a34   0x1a2  DblMul.o [4]
  .text               ro code  0x08001bd8   0x256  DblDiv.o [4]
  .text               ro code  0x08001e30    0x6c  localeconv.o [3]
  .text               ro code  0x08001e9c     0xe  div.o [3]
  .text               ro code  0x08001eac    0x14  setlocale.o [3]
  .text               ro code  0x08001ec0    0x60  xencoding_sb.o [3]
  .text               ro code  0x08001f20    0x2c  xgetmemchunk.o [3]
  .text               ro code  0x08001f4c     0x2  I64DivZer.o [5]
  .text               ro code  0x08001f50    0xd4  DblAdd.o [4]
  .text               ro code  0x08002024     0x2  xtls.o [3]
  .text               ro code  0x08002028   0x454  stm32f4xx_hal_adc.o [1]
  .text               ro code  0x0800247c   0x11c  stm32f4xx_hal_msp.o [1]
  .text               ro code  0x08002598    0xac  stm32f4xx_hal.o [1]
  .text               ro code  0x08002644    0xe2  stm32f4xx_hal_cortex.o [1]
  .text               ro code  0x08002728   0x1e4  stm32f4xx_hal_gpio.o [1]
  .text               ro code  0x0800290c   0x430  stm32f4xx_hal_rcc.o [1]
  .text               ro code  0x08002d3c   0x400  stm32f4xx_hal_tim.o [1]
  .text               ro code  0x0800313c     0x4  stm32f4xx_hal_tim_ex.o [1]
  .text               ro code  0x08003140   0x204  main.o [1]
  .text               ro code  0x08003344    0x24  printf.o [3]
  .text               ro code  0x08003368    0xe0  XShHandles.o [3]
  .text               ro code  0x08003448    0xd6  xfspos.o [3]
  .text               ro code  0x08003520    0xb0  fflush.o [3]
  .text               ro code  0x080035d0     0xa  xfgpos.o [3]
  .text               ro code  0x080035da    0x4c  lseek.o [6]
  .text               ro code  0x08003628     0xc  errno.o [3]
  .text               ro code  0x08003634     0x4  xsyslock_nop.o [3]
  .text               ro code  0x08003638    0x10  write.o [6]
  .text               ro code  0x08003648    0x1e  dwrite.o [6]
  .text               ro code  0x08003668    0x4c  iarwstdswo.o [6]
  .text               ro code  0x080036b4    0x22  iarwrite.o [6]
  .text               ro code  0x080036d6    0xb6  xfwprep.o [3]
  .text               ro code  0x0800378c    0x22  fseek.o [3]
  .text               ro code  0x080037b0    0x7c  xfofind.o [3]
  .text               ro code  0x0800382c    0x7a  fclose.o [3]
  .text               ro code  0x080038a6    0x1a  close.o [6]
  .text               ro code  0x080038c0    0x16  remove.o [6]
  .text               ro code  0x080038d8    0x60  system_stm32f4xx.o [1]
  .text               ro code  0x08003938    0x58  xcloseall.o [3]
  .text               ro code  0x08003990    0x56  fputc.o [3]
  .text               ro code  0x080039e6    0x40  zero_init3.o [5]
  .text               ro code  0x08003a26    0x38  packbits_init_single.o [5]
  .text               ro code  0x08003a60    0x28  stm32f4xx_it.o [1]
  .text               ro code  0x08003a88    0x28  data_init.o [5]
  .text               ro code  0x08003ab0    0x22  fpinit_M.o [4]
  .iar.init_table     const    0x08003ad4    0x20  - Linker created -
  .text               ro code  0x08003af4    0x1a  cmain.o [5]
  .text               ro code  0x08003b0e     0x4  low_level_init.o [3]
  .text               ro code  0x08003b12     0x4  exit.o [3]
  .text               ro code  0x08003b18     0xe  cexit.o [5]
  .text               ro code  0x08003b28    0x14  exit.o [6]
  .text               ro code  0x08003b3c    0x16  xprout.o [3]
  .text               ro code  0x08003b54     0xc  putchar.o [3]
  .text               ro code  0x08003b60    0x10  startup_stm32f407xx.o [1]
  .text               ro code  0x08003b70     0xc  cstartup_M.o [5]
  .text               ro code  0x08003b7c     0x4  startup_stm32f407xx.o [1]
  .text               ro code  0x08003b80     0x4  startup_stm32f407xx.o [1]
  .text               ro code  0x08003b84     0x4  startup_stm32f407xx.o [1]
  .text               ro code  0x08003b88     0x4  startup_stm32f407xx.o [1]
  .text               ro code  0x08003b8c     0x4  startup_stm32f407xx.o [1]
  .text               ro code  0x08003b90     0x4  startup_stm32f407xx.o [1]
  .text               ro code  0x08003b94     0x4  startup_stm32f407xx.o [1]
  .text               ro code  0x08003b98     0x4  startup_stm32f407xx.o [1]
  .text               ro code  0x08003b9c     0x4  startup_stm32f407xx.o [1]
  .text               ro code  0x08003ba0     0x4  startup_stm32f407xx.o [1]
  .text               ro code  0x08003ba4     0x4  startup_stm32f407xx.o [1]
  .text               ro code  0x08003ba8     0x4  startup_stm32f407xx.o [1]
  .text               ro code  0x08003bac     0x4  startup_stm32f407xx.o [1]
  .text               ro code  0x08003bb0     0x4  startup_stm32f407xx.o [1]
  .text               ro code  0x08003bb4     0x4  startup_stm32f407xx.o [1]
  .text               ro code  0x08003bb8     0x4  startup_stm32f407xx.o [1]
  .text               ro code  0x08003bbc     0x4  startup_stm32f407xx.o [1]
  .text               ro code  0x08003bc0     0x4  startup_stm32f407xx.o [1]
  .text               ro code  0x08003bc4     0x4  startup_stm32f407xx.o [1]
  .text               ro code  0x08003bc8     0x4  startup_stm32f407xx.o [1]
  .text               ro code  0x08003bcc     0x4  startup_stm32f407xx.o [1]
  .text               ro code  0x08003bd0     0x4  startup_stm32f407xx.o [1]
  .text               ro code  0x08003bd4     0x4  startup_stm32f407xx.o [1]
  .text               ro code  0x08003bd8     0x4  startup_stm32f407xx.o [1]
  .text               ro code  0x08003bdc     0x4  startup_stm32f407xx.o [1]
  .text               ro code  0x08003be0     0x4  startup_stm32f407xx.o [1]
  .text               ro code  0x08003be4     0x4  startup_stm32f407xx.o [1]
  .text               ro code  0x08003be8     0x4  startup_stm32f407xx.o [1]
  .text               ro code  0x08003bec     0x4  startup_stm32f407xx.o [1]
  .text               ro code  0x08003bf0     0x4  startup_stm32f407xx.o [1]
  .text               ro code  0x08003bf4     0x4  startup_stm32f407xx.o [1]
  .text               ro code  0x08003bf8     0x4  startup_stm32f407xx.o [1]
  .text               ro code  0x08003bfc     0x4  startup_stm32f407xx.o [1]
  .text               ro code  0x08003c00     0x4  startup_stm32f407xx.o [1]
  .text               ro code  0x08003c04     0x4  startup_stm32f407xx.o [1]
  .text               ro code  0x08003c08     0x4  startup_stm32f407xx.o [1]
  .text               ro code  0x08003c0c     0x4  startup_stm32f407xx.o [1]
  .text               ro code  0x08003c10     0x4  startup_stm32f407xx.o [1]
  .text               ro code  0x08003c14     0x4  startup_stm32f407xx.o [1]
  .text               ro code  0x08003c18     0x4  startup_stm32f407xx.o [1]
  .text               ro code  0x08003c1c     0x4  startup_stm32f407xx.o [1]
  .text               ro code  0x08003c20     0x4  startup_stm32f407xx.o [1]
  .text               ro code  0x08003c24     0x4  startup_stm32f407xx.o [1]
  .text               ro code  0x08003c28     0x4  startup_stm32f407xx.o [1]
  .text               ro code  0x08003c2c     0x4  startup_stm32f407xx.o [1]
  .text               ro code  0x08003c30     0x4  startup_stm32f407xx.o [1]
  .text               ro code  0x08003c34     0x4  startup_stm32f407xx.o [1]
  .text               ro code  0x08003c38     0x4  startup_stm32f407xx.o [1]
  .text               ro code  0x08003c3c     0x4  startup_stm32f407xx.o [1]
  .text               ro code  0x08003c40     0x4  startup_stm32f407xx.o [1]
  .text               ro code  0x08003c44     0x4  startup_stm32f407xx.o [1]
  .text               ro code  0x08003c48     0x4  startup_stm32f407xx.o [1]
  .text               ro code  0x08003c4c     0x4  startup_stm32f407xx.o [1]
  .text               ro code  0x08003c50     0x4  startup_stm32f407xx.o [1]
  .text               ro code  0x08003c54     0x4  startup_stm32f407xx.o [1]
  .text               ro code  0x08003c58     0x4  startup_stm32f407xx.o [1]
  .text               ro code  0x08003c5c     0x4  startup_stm32f407xx.o [1]
  .text               ro code  0x08003c60     0x4  startup_stm32f407xx.o [1]
  .text               ro code  0x08003c64     0x4  startup_stm32f407xx.o [1]
  .text               ro code  0x08003c68     0x4  startup_stm32f407xx.o [1]
  .text               ro code  0x08003c6c     0x4  startup_stm32f407xx.o [1]
  .text               ro code  0x08003c70     0x4  startup_stm32f407xx.o [1]
  .text               ro code  0x08003c74     0x4  startup_stm32f407xx.o [1]
  .text               ro code  0x08003c78     0x4  startup_stm32f407xx.o [1]
  .text               ro code  0x08003c7c     0x4  startup_stm32f407xx.o [1]
  .text               ro code  0x08003c80     0x4  startup_stm32f407xx.o [1]
  .text               ro code  0x08003c84     0x4  startup_stm32f407xx.o [1]
  .text               ro code  0x08003c88     0x4  startup_stm32f407xx.o [1]
  .text               ro code  0x08003c8c     0x4  startup_stm32f407xx.o [1]
  .text               ro code  0x08003c90     0x4  startup_stm32f407xx.o [1]
  .text               ro code  0x08003c94     0x4  startup_stm32f407xx.o [1]
  .text               ro code  0x08003c98     0x4  startup_stm32f407xx.o [1]
  .text               ro code  0x08003c9c     0x4  startup_stm32f407xx.o [1]
  .text               ro code  0x08003ca0     0x4  startup_stm32f407xx.o [1]
  .text               ro code  0x08003ca4     0x4  startup_stm32f407xx.o [1]
  .text               ro code  0x08003ca8     0x4  startup_stm32f407xx.o [1]
  .text               ro code  0x08003cac     0x4  startup_stm32f407xx.o [1]
  .text               ro code  0x08003cb0     0x4  startup_stm32f407xx.o [1]
  .text               ro code  0x08003cb4     0x4  startup_stm32f407xx.o [1]
  .text               ro code  0x08003cb8     0x4  startup_stm32f407xx.o [1]
  .text               ro code  0x08003cbc     0x0  cstart_closeall.o [5]
  .rodata             const    0x08003cbc     0x0  zero_init3.o [5]
  .rodata             const    0x08003cbc     0x0  packbits_init_single.o [5]
  Initializer bytes   const    0x08003cbc    0x8d  <for P2-1>
                             - 0x08003d49  0x3bc1

"P2", part 1 of 3:                          0x1f0
  P2-1                         0x20000000   0x1f0  <Init block>
    .data             inited   0x20000000     0xc  stm32f4xx_hal.o [1]
    .data             inited   0x2000000c     0x4  system_stm32f4xx.o [1]
    .data             inited   0x20000010    0x40  xfiles.o [3]
    .data             inited   0x20000050    0x40  xfiles.o [3]
    .data             inited   0x20000090    0x40  xfiles.o [3]
    .data             inited   0x200000d0    0x20  xfiles.o [3]
    __DLIB_PERTHREAD  inited   0x200000f0    0x88  localeconv.o [3]
    __DLIB_PERTHREAD  inited   0x20000178    0x74  setlocale.o [3]
    __DLIB_PERTHREAD  inited   0x200001ec     0x4  errno.o [3]
                             - 0x200001f0   0x1f0

"P2", part 2 of 3:                          0x600
  CSTACK                       0x200001f0   0x400  <Block>
    CSTACK            uninit   0x200001f0   0x400  <Block tail>
  HEAP                         0x200005f0   0x200  <Block>
    HEAP              uninit   0x200005f0   0x200  <Block tail>
                             - 0x200007f0   0x600

"P2", part 3 of 3:                          0x1b8
  .bss                zero     0x200007f0    0x80  XShHandles.o [3]
  .bss                zero     0x20000870    0x50  main.o [1]
  .bss                zero     0x200008c0    0x50  xfiles.o [3]
  .bss                zero     0x20000910    0x50  xfiles.o [3]
  .bss                zero     0x20000960    0x3c  main.o [1]
  .bss                zero     0x2000099c     0x8  xxmemxmalloc.o [3]
  .bss                zero     0x200009a4     0x4  xgetmemchunk.o [3]
                             - 0x200009a8   0x1b8


*******************************************************************************
*** INIT TABLE
***

          Address     Size
          -------     ----
Zero (__iar_zero_init3)
    1 destination range, total size 0x1b8:
          0x200007f0  0x1b8

Copy/packbits (__iar_packbits_init_single3)
    1 source range, total size 0x8d (28% of destination):
          0x08003cbc   0x8d
    1 destination range, total size 0x1f0:
          0x20000000  0x1f0



*******************************************************************************
*** MODULE SUMMARY
***

    Module                  ro code  ro data  rw data
    ------                  -------  -------  -------
C:\Users\sasha\Documents\keil\kursach\test test\test\EWARM\test\Obj: [1]
    main.o                      516               140
    startup_stm32f407xx.o       728
    stm32f4xx_hal.o             172        3       12
    stm32f4xx_hal_adc.o       1 108
    stm32f4xx_hal_cortex.o      226
    stm32f4xx_hal_gpio.o        484
    stm32f4xx_hal_msp.o         284
    stm32f4xx_hal_rcc.o       1 072
    stm32f4xx_hal_tim.o       1 024
    stm32f4xx_hal_tim_ex.o        4
    stm32f4xx_it.o               40
    system_stm32f4xx.o           96        1        4
    -------------------------------------------------
    Total:                    5 754        4      156

command line: [2]
    -------------------------------------------------
    Total:

dl7M_tlf.a: [3]
    XShHandles.o                224               128
    div.o                        14
    errno.o                      12        2        4
    exit.o                        4
    fclose.o                    122
    fflush.o                    176
    fputc.o                      86
    fseek.o                      34
    localeconv.o                108       38      136
    low_level_init.o              4
    printf.o                     36
    putchar.o                    12
    setlocale.o                  20       33      116
    xcloseall.o                  88
    xencoding_sb.o               96
    xfgpos.o                     10
    xfiles.o                              64      384
    xfofind.o                   124
    xfspos.o                    214
    xfwprep.o                   182
    xgetmemchunk.o               44                 4
    xmbcurmax.o                  10
    xmbtowc.o                    32
    xprintffull.o             4 454
    xprout.o                     22
    xsyslock_nop.o                4
    xtls.o                        2
    xwctomb.o                    26
    xxmemxfree.o                128
    xxmemxmalloc.o              176                 8
    -------------------------------------------------
    Total:                    6 464      137      780

m7M_tls.a: [4]
    DblAdd.o                    212
    DblCmpGe.o                   46
    DblCmpLe.o                   46
    DblDiv.o                    598
    DblMul.o                    418
    DblSub.o                    384
    DblToI32.o                   88
    I32ToDbl.o                   48
    fpinit_M.o                   34
    xdnorm.o                     66
    xdscale.o                   276
    -------------------------------------------------
    Total:                    2 216

rt7M_tl.a: [5]
    ABImemcpy_unaligned.o       118
    I64DivMod.o                 238
    I64DivZer.o                   2
    cexit.o                      14
    cmain.o                      26
    cstart_closeall.o
    cstartup_M.o                 12
    data_init.o                  40
    memchr.o                     88
    packbits_init_single.o       56
    strchr.o                     22
    strlen.o                     54
    zero_init3.o                 64
    -------------------------------------------------
    Total:                      734

shb_l.a: [6]
    close.o                      26
    dwrite.o                     30
    exit.o                       20
    iarwrite.o                   34
    iarwstdswo.o                 76
    lseek.o                      76
    remove.o                     22
    write.o                      16
    -------------------------------------------------
    Total:                      300

    Gaps                         46        2
    Linker created                        32    1 536
-----------------------------------------------------
    Grand Total:             15 514      175    2 472


*******************************************************************************
*** ENTRY LIST
***

Entry                      Address   Size  Type      Object
-----                      -------   ----  ----      ------
.iar.init_table$$Base   0x08003ad4          --   Gb  - Linker created -
.iar.init_table$$Limit  0x08003af4          --   Gb  - Linker created -
?main                   0x08003af5         Code  Gb  cmain.o [5]
ADC_Init                0x08002377   0xe8  Code  Lc  stm32f4xx_hal_adc.o [1]
AHBPrescTable           0x08003928   0x10  Data  Gb  system_stm32f4xx.o [1]
BusFault_Handler        0x08003a67    0x2  Code  Gb  stm32f4xx_it.o [1]
CSTACK$$Base            0x200001f0          --   Gb  - Linker created -
CSTACK$$Limit           0x200005f0          --   Gb  - Linker created -
DebugMon_Handler        0x08003a6d    0x2  Code  Gb  stm32f4xx_it.o [1]
HAL_ADC_ConfigChannel   0x0800224d  0x104  Code  Gb  stm32f4xx_hal_adc.o [1]
HAL_ADC_GetValue        0x08002247    0x6  Code  Gb  stm32f4xx_hal_adc.o [1]
HAL_ADC_Init            0x08002029   0x50  Code  Gb  stm32f4xx_hal_adc.o [1]
HAL_ADC_MspInit         0x080024dd   0x38  Code  Gb  stm32f4xx_hal_msp.o [1]
HAL_ADC_PollForConversion
                        0x0800210b   0x9c  Code  Gb  stm32f4xx_hal_adc.o [1]
HAL_ADC_Start           0x08002079   0x52  Code  Gb  stm32f4xx_hal_adc.o [1]
HAL_ADC_Stop            0x080020d9   0x32  Code  Gb  stm32f4xx_hal_adc.o [1]
HAL_Delay               0x08002615   0x22  Code  Wk  stm32f4xx_hal.o [1]
HAL_GPIO_Init           0x08002729  0x1b6  Code  Gb  stm32f4xx_hal_gpio.o [1]
HAL_GetTick             0x0800260f    0x6  Code  Wk  stm32f4xx_hal.o [1]
HAL_IncTick             0x08002601    0xe  Code  Wk  stm32f4xx_hal.o [1]
HAL_Init                0x08002599   0x30  Code  Gb  stm32f4xx_hal.o [1]
HAL_InitTick            0x080025c9   0x38  Code  Wk  stm32f4xx_hal.o [1]
HAL_MspInit             0x0800247d   0x60  Code  Gb  stm32f4xx_hal_msp.o [1]
HAL_NVIC_EnableIRQ      0x080026b3    0xc  Code  Gb  stm32f4xx_hal_cortex.o [1]
HAL_NVIC_SetPriority    0x08002679   0x3a  Code  Gb  stm32f4xx_hal_cortex.o [1]
HAL_NVIC_SetPriorityGrouping
                        0x0800265f   0x1a  Code  Gb  stm32f4xx_hal_cortex.o [1]
HAL_RCC_ClockConfig     0x08002bbb   0xfa  Code  Gb  stm32f4xx_hal_rcc.o [1]
HAL_RCC_GetHCLKFreq     0x08002d0d    0x6  Code  Gb  stm32f4xx_hal_rcc.o [1]
HAL_RCC_GetSysClockFreq
                        0x08002cc1   0x4c  Code  Wk  stm32f4xx_hal_rcc.o [1]
HAL_RCC_OscConfig       0x0800290d  0x2a6  Code  Wk  stm32f4xx_hal_rcc.o [1]
HAL_SYSTICK_CLKSourceConfig
                        0x080026ef   0x14  Code  Gb  stm32f4xx_hal_cortex.o [1]
HAL_SYSTICK_Callback    0x08002725    0x2  Code  Wk  stm32f4xx_hal_cortex.o [1]
HAL_SYSTICK_Config      0x080026c7   0x28  Code  Gb  stm32f4xx_hal_cortex.o [1]
HAL_SYSTICK_IRQHandler  0x0800271d    0x8  Code  Gb  stm32f4xx_hal_cortex.o [1]
HAL_TIMEx_BreakCallback
                        0x0800313f    0x2  Code  Wk  stm32f4xx_hal_tim_ex.o [1]
HAL_TIMEx_CommutationCallback
                        0x0800313d    0x2  Code  Wk  stm32f4xx_hal_tim_ex.o [1]
HAL_TIM_Base_Init       0x08002d3d   0x1a  Code  Gb  stm32f4xx_hal_tim.o [1]
HAL_TIM_Base_MspInit    0x08002515   0x32  Code  Gb  stm32f4xx_hal_msp.o [1]
HAL_TIM_IC_CaptureCallback
                        0x08002f27    0x2  Code  Wk  stm32f4xx_hal_tim.o [1]
HAL_TIM_IRQHandler      0x08002d8d  0x14a  Code  Gb  stm32f4xx_hal_tim.o [1]
HAL_TIM_MspPostInit     0x08002553   0x2c  Code  Gb  stm32f4xx_hal_msp.o [1]
HAL_TIM_OC_ConfigChannel
                        0x08002ed7   0x4c  Code  Gb  stm32f4xx_hal_tim.o [1]
HAL_TIM_OC_DelayElapsedCallback
                        0x08002f25    0x2  Code  Wk  stm32f4xx_hal_tim.o [1]
HAL_TIM_OC_Init         0x08002d57   0x18  Code  Gb  stm32f4xx_hal_tim.o [1]
HAL_TIM_OC_MspInit      0x08002d83    0x2  Code  Wk  stm32f4xx_hal_tim.o [1]
HAL_TIM_PWM_PulseFinishedCallback
                        0x08002f29    0x2  Code  Wk  stm32f4xx_hal_tim.o [1]
HAL_TIM_PeriodElapsedCallback
                        0x08002f23    0x2  Code  Wk  stm32f4xx_hal_tim.o [1]
HAL_TIM_TriggerCallback
                        0x08002f2b    0x2  Code  Wk  stm32f4xx_hal_tim.o [1]
HEAP$$Base              0x200005f0          --   Gb  - Linker created -
HEAP$$Limit             0x200007f0          --   Gb  - Linker created -
HardFault_Handler       0x08003a63    0x2  Code  Gb  stm32f4xx_it.o [1]
LoadInt                 0x080007d7   0x6e  Code  Lc  xprintffull.o [3]
MX_TIM14_Init           0x080032d3   0x4c  Code  Lc  main.o [1]
MemManage_Handler       0x08003a65    0x2  Code  Gb  stm32f4xx_it.o [1]
NMI_Handler             0x08003a61    0x2  Code  Gb  stm32f4xx_it.o [1]
NVIC_SetPriority        0x08002645   0x1a  Code  Lc  stm32f4xx_hal_cortex.o [1]
PendSV_Handler          0x08003a6f    0x2  Code  Gb  stm32f4xx_it.o [1]
Region$$Table$$Base     0x08003ad4          --   Gb  - Linker created -
Region$$Table$$Limit    0x08003af4          --   Gb  - Linker created -
SVC_Handler             0x08003a6b    0x2  Code  Gb  stm32f4xx_it.o [1]
SysTick_Handler         0x08003a71    0xe  Code  Gb  stm32f4xx_it.o [1]
SystemClock_Config      0x08003227   0xac  Code  Gb  main.o [1]
SystemCoreClock         0x2000000c    0x4  Data  Gb  system_stm32f4xx.o [1]
SystemInit              0x080038d9   0x3a  Code  Gb  system_stm32f4xx.o [1]
TIM8_TRG_COM_TIM14_IRQHandler
                        0x08003a7f    0x6  Code  Gb  stm32f4xx_it.o [1]
TIM_Base_SetConfig      0x08002f2d   0x90  Code  Gb  stm32f4xx_hal_tim.o [1]
TIM_OC1_SetConfig       0x08003019   0x4a  Code  Lc  stm32f4xx_hal_tim.o [1]
TIM_OC2_SetConfig       0x08002fbf   0x52  Code  Gb  stm32f4xx_hal_tim.o [1]
TIM_OC3_SetConfig       0x0800306f   0x56  Code  Lc  stm32f4xx_hal_tim.o [1]
TIM_OC4_SetConfig       0x080030cb   0x46  Code  Lc  stm32f4xx_hal_tim.o [1]
UsageFault_Handler      0x08003a69    0x2  Code  Gb  stm32f4xx_it.o [1]
_Close_all              0x08003939   0x58  Code  Gb  xcloseall.o [3]
_EncodingSb_Mbtowc      0x08001edb   0x30  Code  Gb  xencoding_sb.o [3]
_EncodingSb_Wctomb      0x08001ec1   0x1a  Code  Gb  xencoding_sb.o [3]
_Files                  0x200000d0   0x20  Data  Gb  xfiles.o [3]
_Fofree                 0x080037b1   0x78  Code  Gb  xfofind.o [3]
_Fspos                  0x08003449   0xd6  Code  Gb  xfspos.o [3]
_Fwprep                 0x080036d7   0xb6  Code  Gb  xfwprep.o [3]
_GenldFull              0x0800105b  0x24c  Code  Lc  xprintffull.o [3]
_IsdstStr               0x2000017c    0x4  Data  Gb  setlocale.o [3]
_LdtobFull              0x08000c59  0x3fc  Code  Lc  xprintffull.o [3]
_LitobFull              0x08000b51  0x106  Code  Lc  xprintffull.o [3]
_LocaleEncoding         0x08001ead    0xe  Code  Gb  setlocale.o [3]
_LocaleReturnString     0x2000019c   0x50  Data  Lc  setlocale.o [3]
_Locale_Profile         0x20000180   0x1c  Data  Gb  setlocale.o [3]
_Locale_aeabi_lconv     0x20000140   0x38  Data  Gb  localeconv.o [3]
_Locale_lconv           0x200000f0   0x50  Data  Gb  localeconv.o [3]
_Mbtowc                 0x080012ef   0x20  Code  Gb  xmbtowc.o [3]
_Nnl                    0x080035d1    0xa  Code  Gb  xfgpos.o [3]
_PrintfFull             0x08000189  0x638  Code  Gb  xprintffull.o [3]
_Prout                  0x08003b3d   0x16  Code  Gb  xprout.o [3]
_PutcharsFull           0x080012a7   0x2e  Code  Lc  xprintffull.o [3]
_PutstrFull             0x08000845  0x306  Code  Lc  xprintffull.o [3]
_TzoneStr               0x20000178    0x4  Data  Gb  setlocale.o [3]
_Wctomb                 0x08001475   0x1a  Code  Gb  xwctomb.o [3]
__aeabi_cdcmple         0x080016b9         Code  Gb  DblCmpLe.o [4]
__aeabi_cdrcmple        0x080016e9         Code  Gb  DblCmpGe.o [4]
__aeabi_d2iz            0x0800182d         Code  Gb  DblToI32.o [4]
__aeabi_d2uiz           0x08001859         Code  Gb  DblToI32.o [4]
__aeabi_ddiv            0x08001bd9         Code  Gb  DblDiv.o [4]
__aeabi_dmul            0x08001a35         Code  Gb  DblMul.o [4]
__aeabi_dsub            0x080018b5         Code  Gb  DblSub.o [4]
__aeabi_errno_addr      0x08003629    0x6  Code  Gb  errno.o [3]
__aeabi_i2d             0x08001885         Code  Gb  I32ToDbl.o [4]
__aeabi_ldiv0           0x08001f4d         Code  Gb  I64DivZer.o [5]
__aeabi_ui2d            0x08001899         Code  Gb  I32ToDbl.o [4]
__aeabi_uldivmod        0x08001589         Code  Gb  I64DivMod.o [5]
__cexit_closeall        0x08003b1b         Code  Gb  cexit.o [5]
__close                 0x080038a7   0x1a  Code  Gb  close.o [6]
__cmain                 0x08003af5         Code  Gb  cmain.o [5]
__cstart_closeall       0x08003cbc         Data  Gb  cstart_closeall.o [5]
__data_Aldata           0x2000099c    0x8  Data  Gb  xxmemxmalloc.o [3]
__data_GetMemChunk      0x08001f21   0x2c  Code  Gb  xgetmemchunk.o [3]
__dwrite                0x08003649   0x1e  Code  Gb  dwrite.o [6]
__exit                  0x08003b29   0x14  Code  Gb  exit.o [6]
__iar_Dnorm             0x08001677   0x42  Code  Gb  xdnorm.o [4]
__iar_Dscale            0x08001719  0x114  Code  Gb  xdscale.o [4]
__iar_Errno             0x200001ec    0x4  Data  Gb  errno.o [3]
__iar_Locale_lconv_init
                        0x08001e31   0x3a  Code  Gb  localeconv.o [3]
__iar_Lockfilelock      0x08003635    0x2  Code  Gb  xsyslock_nop.o [3]
__iar_Mbcurmax          0x080013b9    0xa  Code  Gb  xmbcurmax.o [3]
__iar_Memchr            0x08001361         Code  Gb  memchr.o [5]
__iar_Stderr            0x20000090   0x40  Data  Gb  xfiles.o [3]
__iar_Stdin             0x20000010   0x40  Data  Gb  xfiles.o [3]
__iar_Stdout            0x20000050   0x40  Data  Gb  xfiles.o [3]
__iar_Strchr            0x08001311         Code  Gb  strchr.o [5]
__iar_Unlockfilelock    0x08003637    0x2  Code  Gb  xsyslock_nop.o [3]
__iar_d2uiz             0x08001865         Code  Gb  DblToI32.o [4]
__iar_dadd              0x08001f51         Code  Gb  DblAdd.o [4]
__iar_data_init3        0x08003a89   0x28  Code  Gb  data_init.o [5]
__iar_dlib_perthread_access
                        0x08002025    0x2  Code  Gb  xtls.o [3]
__iar_dsub              0x080018c9         Code  Gb  DblSub.o [4]
__iar_dsubStart         0x080018db         Code  Gb  DblSub.o [4]
__iar_init_vfp          0x08003ab1         Code  Gb  fpinit_M.o [4]
__iar_packbits_init_single3
                        0x08003a27   0x38  Code  Gb  packbits_init_single.o [5]
__iar_program_start     0x08003b71         Code  Gb  cstartup_M.o [5]
__iar_sh_Discard        0x08003369   0x44  Code  Gb  XShHandles.o [3]
__iar_sh_Move           0x080033b3   0x4c  Code  Gb  XShHandles.o [3]
__iar_sh_Pos            0x080033ff   0x44  Code  Gb  XShHandles.o [3]
__iar_sh_stdout_swo     0x08003669   0x4c  Code  Gb  iarwstdswo.o [6]
__iar_sh_write          0x080036b5   0x22  Code  Gb  iarwrite.o [6]
__iar_ui2d              0x0800189d         Code  Gb  I32ToDbl.o [4]
__iar_unaligned___aeabi_memcpy
                        0x08001491         Code  Gb  ABImemcpy_unaligned.o [5]
__iar_unaligned___aeabi_memcpy4
                        0x080014b1         Code  Gb  ABImemcpy_unaligned.o [5]
__iar_unaligned___aeabi_memcpy8
                        0x080014b1         Code  Gb  ABImemcpy_unaligned.o [5]
__iar_zero_init3        0x080039e7   0x40  Code  Gb  zero_init3.o [5]
__low_level_init        0x08003b0f    0x4  Code  Gb  low_level_init.o [3]
__lseek                 0x080035db   0x4c  Code  Gb  lseek.o [6]
__vector_table          0x08000000         Data  Gb  startup_stm32f407xx.o [1]
__write                 0x08003639   0x10  Code  Gb  write.o [6]
_call_main              0x08003b01         Code  Gb  cmain.o [5]
_exit                   0x08003b19         Code  Gb  cexit.o [5]
_main                   0x08003b0b         Code  Gb  cmain.o [5]
div                     0x08001e9d    0xe  Code  Gb  div.o [3]
ebuf                    0x200008c0   0x50  Data  Lc  xfiles.o [3]
exit                    0x08003b13    0x4  Code  Gb  exit.o [3]
fclose                  0x0800382d   0x7a  Code  Gb  fclose.o [3]
fflush                  0x08003597   0x34  Code  Gb  fflush.o [3]
fflushOne               0x08003521   0x76  Code  Lc  fflush.o [3]
fputc                   0x08003991   0x56  Code  Gb  fputc.o [3]
free                    0x08001509   0x7a  Code  Gb  xxmemxfree.o [3]
fseek                   0x0800378d   0x22  Code  Gb  fseek.o [3]
hadc1                   0x20000870   0x48  Data  Gb  main.o [1]
htim14                  0x20000960   0x3c  Data  Gb  main.o [1]
i                       0x200008bc    0x4  Data  Gb  main.o [1]
localeconv              0x08001e6b   0x16  Code  Gb  localeconv.o [3]
main                    0x08003141   0xda  Code  Gb  main.o [1]
malloc                  0x080013c5   0xac  Code  Gb  xxmemxmalloc.o [3]
memchr                  0x08001361         Code  Gb  memchr.o [5]
obuf                    0x20000910   0x50  Data  Lc  xfiles.o [3]
printf                  0x08003345   0x24  Code  Gb  printf.o [3]
putchar                 0x08003b55    0xc  Code  Gb  putchar.o [3]
remove                  0x080038c1   0x16  Code  Gb  remove.o [6]
result                  0x200008b8    0x4  Data  Gb  main.o [1]
sFileInfo               0x200007f0   0x80  Data  Lc  XShHandles.o [3]
strchr                  0x08001311         Code  Gb  strchr.o [5]
strlen                  0x08001329         Code  Gb  strlen.o [5]
uwTick                  0x20000004    0x4  Data  Gb  stm32f4xx_hal.o [1]
uwTickFreq              0x20000000    0x1  Data  Gb  stm32f4xx_hal.o [1]
uwTickPrio              0x20000008    0x4  Data  Gb  stm32f4xx_hal.o [1]


[1] = C:\Users\sasha\Documents\keil\kursach\test test\test\EWARM\test\Obj
[2] = command line
[3] = dl7M_tlf.a
[4] = m7M_tls.a
[5] = rt7M_tl.a
[6] = shb_l.a

  15 514 bytes of readonly  code memory
     175 bytes of readonly  data memory
   2 472 bytes of readwrite data memory

Errors: none
Warnings: none
