###############################################################################
#
# IAR ELF Linker V7.50.2.10312/W32 for ARM                20/Oct/2018  20:41:43
# Copyright 2007-2015 IAR Systems AB.
#
#    Output file  =  
#        C:\Users\sasha\Documents\keil\kursach\test
#        test\test-test-2\EWARM\test-test-2\Exe\test-test-2.out
#    Map file     =  
#        C:\Users\sasha\Documents\keil\kursach\test
#        test\test-test-2\EWARM\test-test-2\List\test-test-2.map
#    Command line =  
#        "C:\Users\sasha\Documents\keil\kursach\test
#        test\test-test-2\EWARM\test-test-2\Obj\main.o"
#        "C:\Users\sasha\Documents\keil\kursach\test
#        test\test-test-2\EWARM\test-test-2\Obj\startup_stm32f407xx.o"
#        "C:\Users\sasha\Documents\keil\kursach\test
#        test\test-test-2\EWARM\test-test-2\Obj\stm32f4xx_hal.o"
#        "C:\Users\sasha\Documents\keil\kursach\test
#        test\test-test-2\EWARM\test-test-2\Obj\stm32f4xx_hal_adc.o"
#        "C:\Users\sasha\Documents\keil\kursach\test
#        test\test-test-2\EWARM\test-test-2\Obj\stm32f4xx_hal_adc_ex.o"
#        "C:\Users\sasha\Documents\keil\kursach\test
#        test\test-test-2\EWARM\test-test-2\Obj\stm32f4xx_hal_cortex.o"
#        "C:\Users\sasha\Documents\keil\kursach\test
#        test\test-test-2\EWARM\test-test-2\Obj\stm32f4xx_hal_dma.o"
#        "C:\Users\sasha\Documents\keil\kursach\test
#        test\test-test-2\EWARM\test-test-2\Obj\stm32f4xx_hal_dma_ex.o"
#        "C:\Users\sasha\Documents\keil\kursach\test
#        test\test-test-2\EWARM\test-test-2\Obj\stm32f4xx_hal_flash.o"
#        "C:\Users\sasha\Documents\keil\kursach\test
#        test\test-test-2\EWARM\test-test-2\Obj\stm32f4xx_hal_flash_ex.o"
#        "C:\Users\sasha\Documents\keil\kursach\test
#        test\test-test-2\EWARM\test-test-2\Obj\stm32f4xx_hal_flash_ramfunc.o"
#        "C:\Users\sasha\Documents\keil\kursach\test
#        test\test-test-2\EWARM\test-test-2\Obj\stm32f4xx_hal_gpio.o"
#        "C:\Users\sasha\Documents\keil\kursach\test
#        test\test-test-2\EWARM\test-test-2\Obj\stm32f4xx_hal_msp.o"
#        "C:\Users\sasha\Documents\keil\kursach\test
#        test\test-test-2\EWARM\test-test-2\Obj\stm32f4xx_hal_pwr.o"
#        "C:\Users\sasha\Documents\keil\kursach\test
#        test\test-test-2\EWARM\test-test-2\Obj\stm32f4xx_hal_pwr_ex.o"
#        "C:\Users\sasha\Documents\keil\kursach\test
#        test\test-test-2\EWARM\test-test-2\Obj\stm32f4xx_hal_rcc.o"
#        "C:\Users\sasha\Documents\keil\kursach\test
#        test\test-test-2\EWARM\test-test-2\Obj\stm32f4xx_hal_rcc_ex.o"
#        "C:\Users\sasha\Documents\keil\kursach\test
#        test\test-test-2\EWARM\test-test-2\Obj\stm32f4xx_hal_tim.o"
#        "C:\Users\sasha\Documents\keil\kursach\test
#        test\test-test-2\EWARM\test-test-2\Obj\stm32f4xx_hal_tim_ex.o"
#        "C:\Users\sasha\Documents\keil\kursach\test
#        test\test-test-2\EWARM\test-test-2\Obj\stm32f4xx_it.o"
#        "C:\Users\sasha\Documents\keil\kursach\test
#        test\test-test-2\EWARM\test-test-2\Obj\system_stm32f4xx.o" --redirect
#        _Printf=_PrintfFull --redirect _Scanf=_ScanfFull -o
#        "C:\Users\sasha\Documents\keil\kursach\test
#        test\test-test-2\EWARM\test-test-2\Exe\test-test-2.out" --map
#        "C:\Users\sasha\Documents\keil\kursach\test
#        test\test-test-2\EWARM\test-test-2\List\test-test-2.map" --config
#        "C:\Users\sasha\Documents\keil\kursach\test
#        test\test-test-2\EWARM/stm32f407xx_flash.icf" --semihosting --entry
#        __iar_program_start --vfe
#
###############################################################################

*******************************************************************************
*** RUNTIME MODEL ATTRIBUTES
***

CppFlavor                     = *
__Heap_Handler                = Basic
__SystemLibrary               = DLib
__dlib_dynamic_initialization = normal


*******************************************************************************
*** PLACEMENT SUMMARY
***

"A1":  place at 0x08000000 { ro section .intvec };
"P1":  place in [from 0x08000000 to 0x080fffff] { ro };
"P2":  place in [from 0x20000000 to 0x2001ffff] { rw, block CSTACK, block HEAP };

  Section             Kind        Address    Size  Object
  -------             ----        -------    ----  ------
"A1":                                       0x188
  .intvec             ro code  0x08000000   0x188  startup_stm32f407xx.o [1]
                             - 0x08000188   0x188

"P1":                                      0x3829
  .text               ro code  0x08000188  0x1166  xprintffull.o [3]
  .text               ro code  0x080012ee    0x20  xmbtowc.o [3]
  .text               ro code  0x08001310    0x16  strchr.o [5]
  .text               ro code  0x08001328    0x36  strlen.o [5]
  .text               ro code  0x08001360    0x58  memchr.o [5]
  .text               ro code  0x080013b8     0xa  xmbcurmax.o [3]
  .text               ro code  0x080013c4    0xb0  xxmemxmalloc.o [3]
  .text               ro code  0x08001474    0x1a  xwctomb.o [3]
  .text               ro code  0x08001490    0x76  ABImemcpy_unaligned.o [5]
  .text               ro code  0x08001508    0x80  xxmemxfree.o [3]
  .text               ro code  0x08001588    0xee  I64DivMod.o [5]
  .text               ro code  0x08001676    0x42  xdnorm.o [4]
  .text               ro code  0x080016b8    0x2e  DblCmpLe.o [4]
  .text               ro code  0x080016e8    0x2e  DblCmpGe.o [4]
  .text               ro code  0x08001718   0x114  xdscale.o [4]
  .text               ro code  0x0800182c    0x58  DblToI32.o [4]
  .text               ro code  0x08001884    0x30  I32ToDbl.o [4]
  .text               ro code  0x080018b4   0x180  DblSub.o [4]
  .text               ro code  0x08001a34   0x1a2  DblMul.o [4]
  .text               ro code  0x08001bd8   0x256  DblDiv.o [4]
  .text               ro code  0x08001e30    0x6c  localeconv.o [3]
  .text               ro code  0x08001e9c     0xe  div.o [3]
  .text               ro code  0x08001eac    0x14  setlocale.o [3]
  .text               ro code  0x08001ec0    0x60  xencoding_sb.o [3]
  .text               ro code  0x08001f20    0x2c  xgetmemchunk.o [3]
  .text               ro code  0x08001f4c     0x2  I64DivZer.o [5]
  .text               ro code  0x08001f50    0xd4  DblAdd.o [4]
  .text               ro code  0x08002024     0x2  xtls.o [3]
  .text               ro code  0x08002028   0x454  stm32f4xx_hal_adc.o [1]
  .text               ro code  0x0800247c    0xf0  stm32f4xx_hal_msp.o [1]
  .text               ro code  0x0800256c    0xac  stm32f4xx_hal.o [1]
  .text               ro code  0x08002618    0xca  stm32f4xx_hal_cortex.o [1]
  .text               ro code  0x080026e4   0x1e4  stm32f4xx_hal_gpio.o [1]
  .text               ro code  0x080028c8   0x430  stm32f4xx_hal_rcc.o [1]
  .text               ro code  0x08002cf8   0x270  main.o [1]
  .text               ro code  0x08002f68    0x24  printf.o [3]
  .text               ro code  0x08002f8c    0xe0  XShHandles.o [3]
  .text               ro code  0x0800306c    0xd6  xfspos.o [3]
  .text               ro code  0x08003144    0xb0  fflush.o [3]
  .text               ro code  0x080031f4     0xa  xfgpos.o [3]
  .text               ro code  0x080031fe    0x4c  lseek.o [6]
  .text               ro code  0x0800324c     0xc  errno.o [3]
  .text               ro code  0x08003258     0x4  xsyslock_nop.o [3]
  .text               ro code  0x0800325c    0x10  write.o [6]
  .text               ro code  0x0800326c    0x1e  dwrite.o [6]
  .text               ro code  0x0800328a    0x20  iarwstd.o [6]
  .text               ro code  0x080032aa    0x22  iarwrite.o [6]
  .text               ro code  0x080032cc    0x6c  iarttio.o [6]
  .text               ro code  0x08003338     0x8  XShttio.o [3]
  .text               ro code  0x08003340    0xb6  xfwprep.o [3]
  .text               ro code  0x080033f6    0x22  fseek.o [3]
  .text               ro code  0x08003418    0x7c  xfofind.o [3]
  .text               ro code  0x08003494    0x7a  fclose.o [3]
  .text               ro code  0x0800350e    0x1a  close.o [6]
  .text               ro code  0x08003528    0x16  remove.o [6]
  .text               ro code  0x08003540    0x60  system_stm32f4xx.o [1]
  .text               ro code  0x080035a0    0x58  xcloseall.o [3]
  .text               ro code  0x080035f8    0x56  fputc.o [3]
  .text               ro code  0x0800364e    0x40  zero_init3.o [5]
  .text               ro code  0x0800368e    0x38  packbits_init_single.o [5]
  .text               ro code  0x080036c8    0x28  data_init.o [5]
  .text               ro code  0x080036f0    0x22  fpinit_M.o [4]
  .iar.init_table     const    0x08003714    0x20  - Linker created -
  .text               ro code  0x08003734    0x1e  stm32f4xx_it.o [1]
  .text               ro code  0x08003754    0x1a  cmain.o [5]
  .text               ro code  0x0800376e     0x4  low_level_init.o [3]
  .text               ro code  0x08003772     0x4  exit.o [3]
  .text               ro code  0x08003778     0xe  cexit.o [5]
  .text               ro code  0x08003788    0x14  exit.o [6]
  .text               ro code  0x0800379c    0x16  xprout.o [3]
  .text               ro code  0x080037b4     0xc  putchar.o [3]
  .text               ro code  0x080037c0    0x10  startup_stm32f407xx.o [1]
  .text               ro code  0x080037d0     0xc  cstartup_M.o [5]
  .text               ro code  0x080037dc     0x4  startup_stm32f407xx.o [1]
  .text               ro code  0x080037e0     0x4  startup_stm32f407xx.o [1]
  .text               ro code  0x080037e4     0x4  startup_stm32f407xx.o [1]
  .text               ro code  0x080037e8     0x4  startup_stm32f407xx.o [1]
  .text               ro code  0x080037ec     0x4  startup_stm32f407xx.o [1]
  .text               ro code  0x080037f0     0x4  startup_stm32f407xx.o [1]
  .text               ro code  0x080037f4     0x4  startup_stm32f407xx.o [1]
  .text               ro code  0x080037f8     0x4  startup_stm32f407xx.o [1]
  .text               ro code  0x080037fc     0x4  startup_stm32f407xx.o [1]
  .text               ro code  0x08003800     0x4  startup_stm32f407xx.o [1]
  .text               ro code  0x08003804     0x4  startup_stm32f407xx.o [1]
  .text               ro code  0x08003808     0x4  startup_stm32f407xx.o [1]
  .text               ro code  0x0800380c     0x4  startup_stm32f407xx.o [1]
  .text               ro code  0x08003810     0x4  startup_stm32f407xx.o [1]
  .text               ro code  0x08003814     0x4  startup_stm32f407xx.o [1]
  .text               ro code  0x08003818     0x4  startup_stm32f407xx.o [1]
  .text               ro code  0x0800381c     0x4  startup_stm32f407xx.o [1]
  .text               ro code  0x08003820     0x4  startup_stm32f407xx.o [1]
  .text               ro code  0x08003824     0x4  startup_stm32f407xx.o [1]
  .text               ro code  0x08003828     0x4  startup_stm32f407xx.o [1]
  .text               ro code  0x0800382c     0x4  startup_stm32f407xx.o [1]
  .text               ro code  0x08003830     0x4  startup_stm32f407xx.o [1]
  .text               ro code  0x08003834     0x4  startup_stm32f407xx.o [1]
  .text               ro code  0x08003838     0x4  startup_stm32f407xx.o [1]
  .text               ro code  0x0800383c     0x4  startup_stm32f407xx.o [1]
  .text               ro code  0x08003840     0x4  startup_stm32f407xx.o [1]
  .text               ro code  0x08003844     0x4  startup_stm32f407xx.o [1]
  .text               ro code  0x08003848     0x4  startup_stm32f407xx.o [1]
  .text               ro code  0x0800384c     0x4  startup_stm32f407xx.o [1]
  .text               ro code  0x08003850     0x4  startup_stm32f407xx.o [1]
  .text               ro code  0x08003854     0x4  startup_stm32f407xx.o [1]
  .text               ro code  0x08003858     0x4  startup_stm32f407xx.o [1]
  .text               ro code  0x0800385c     0x4  startup_stm32f407xx.o [1]
  .text               ro code  0x08003860     0x4  startup_stm32f407xx.o [1]
  .text               ro code  0x08003864     0x4  startup_stm32f407xx.o [1]
  .text               ro code  0x08003868     0x4  startup_stm32f407xx.o [1]
  .text               ro code  0x0800386c     0x4  startup_stm32f407xx.o [1]
  .text               ro code  0x08003870     0x4  startup_stm32f407xx.o [1]
  .text               ro code  0x08003874     0x4  startup_stm32f407xx.o [1]
  .text               ro code  0x08003878     0x4  startup_stm32f407xx.o [1]
  .text               ro code  0x0800387c     0x4  startup_stm32f407xx.o [1]
  .text               ro code  0x08003880     0x4  startup_stm32f407xx.o [1]
  .text               ro code  0x08003884     0x4  startup_stm32f407xx.o [1]
  .text               ro code  0x08003888     0x4  startup_stm32f407xx.o [1]
  .text               ro code  0x0800388c     0x4  startup_stm32f407xx.o [1]
  .text               ro code  0x08003890     0x4  startup_stm32f407xx.o [1]
  .text               ro code  0x08003894     0x4  startup_stm32f407xx.o [1]
  .text               ro code  0x08003898     0x4  startup_stm32f407xx.o [1]
  .text               ro code  0x0800389c     0x4  startup_stm32f407xx.o [1]
  .text               ro code  0x080038a0     0x4  startup_stm32f407xx.o [1]
  .text               ro code  0x080038a4     0x4  startup_stm32f407xx.o [1]
  .text               ro code  0x080038a8     0x4  startup_stm32f407xx.o [1]
  .text               ro code  0x080038ac     0x4  startup_stm32f407xx.o [1]
  .text               ro code  0x080038b0     0x4  startup_stm32f407xx.o [1]
  .text               ro code  0x080038b4     0x4  startup_stm32f407xx.o [1]
  .text               ro code  0x080038b8     0x4  startup_stm32f407xx.o [1]
  .text               ro code  0x080038bc     0x4  startup_stm32f407xx.o [1]
  .text               ro code  0x080038c0     0x4  startup_stm32f407xx.o [1]
  .text               ro code  0x080038c4     0x4  startup_stm32f407xx.o [1]
  .text               ro code  0x080038c8     0x4  startup_stm32f407xx.o [1]
  .text               ro code  0x080038cc     0x4  startup_stm32f407xx.o [1]
  .text               ro code  0x080038d0     0x4  startup_stm32f407xx.o [1]
  .text               ro code  0x080038d4     0x4  startup_stm32f407xx.o [1]
  .text               ro code  0x080038d8     0x4  startup_stm32f407xx.o [1]
  .text               ro code  0x080038dc     0x4  startup_stm32f407xx.o [1]
  .text               ro code  0x080038e0     0x4  startup_stm32f407xx.o [1]
  .text               ro code  0x080038e4     0x4  startup_stm32f407xx.o [1]
  .text               ro code  0x080038e8     0x4  startup_stm32f407xx.o [1]
  .text               ro code  0x080038ec     0x4  startup_stm32f407xx.o [1]
  .text               ro code  0x080038f0     0x4  startup_stm32f407xx.o [1]
  .text               ro code  0x080038f4     0x4  startup_stm32f407xx.o [1]
  .text               ro code  0x080038f8     0x4  startup_stm32f407xx.o [1]
  .text               ro code  0x080038fc     0x4  startup_stm32f407xx.o [1]
  .text               ro code  0x08003900     0x4  startup_stm32f407xx.o [1]
  .text               ro code  0x08003904     0x4  startup_stm32f407xx.o [1]
  .text               ro code  0x08003908     0x4  startup_stm32f407xx.o [1]
  .text               ro code  0x0800390c     0x4  startup_stm32f407xx.o [1]
  .text               ro code  0x08003910     0x4  startup_stm32f407xx.o [1]
  .text               ro code  0x08003914     0x4  startup_stm32f407xx.o [1]
  .text               ro code  0x08003918     0x4  startup_stm32f407xx.o [1]
  .text               ro code  0x0800391c     0x4  startup_stm32f407xx.o [1]
  .text               ro code  0x08003920     0x0  cstart_closeall.o [5]
  .rodata             const    0x08003920     0x0  zero_init3.o [5]
  .rodata             const    0x08003920     0x0  packbits_init_single.o [5]
  Initializer bytes   const    0x08003920    0x91  <for P2-1>
                             - 0x080039b1  0x3829

"P2", part 1 of 3:                          0x1f8
  P2-1                         0x20000000   0x1f8  <Init block>
    .data             inited   0x20000000     0xc  stm32f4xx_hal.o [1]
    .data             inited   0x2000000c     0x4  system_stm32f4xx.o [1]
    .data             inited   0x20000010    0x40  xfiles.o [3]
    .data             inited   0x20000050    0x40  xfiles.o [3]
    .data             inited   0x20000090    0x40  xfiles.o [3]
    .data             inited   0x200000d0    0x20  xfiles.o [3]
    .data             inited   0x200000f0     0x8  XShttio.o [3]
    __DLIB_PERTHREAD  inited   0x200000f8    0x88  localeconv.o [3]
    __DLIB_PERTHREAD  inited   0x20000180    0x74  setlocale.o [3]
    __DLIB_PERTHREAD  inited   0x200001f4     0x4  errno.o [3]
                             - 0x200001f8   0x1f8

"P2", part 2 of 3:                          0x600
  CSTACK                       0x200001f8   0x400  <Block>
    CSTACK            uninit   0x200001f8   0x400  <Block tail>
  HEAP                         0x200005f8   0x200  <Block>
    HEAP              uninit   0x200005f8   0x200  <Block tail>
                             - 0x200007f8   0x600

"P2", part 3 of 3:                          0x210
  .bss                zero     0x200007f8    0xe4  main.o [1]
  .bss                zero     0x200008dc    0x80  XShHandles.o [3]
  .bss                zero     0x2000095c    0x50  xfiles.o [3]
  .bss                zero     0x200009ac    0x50  xfiles.o [3]
  .bss                zero     0x200009fc     0x8  xxmemxmalloc.o [3]
  .bss                zero     0x20000a04     0x4  xgetmemchunk.o [3]
                             - 0x20000a08   0x210


*******************************************************************************
*** INIT TABLE
***

          Address     Size
          -------     ----
Zero (__iar_zero_init3)
    1 destination range, total size 0x210:
          0x200007f8  0x210

Copy/packbits (__iar_packbits_init_single3)
    1 source range, total size 0x91 (28% of destination):
          0x08003920   0x91
    1 destination range, total size 0x1f8:
          0x20000000  0x1f8



*******************************************************************************
*** MODULE SUMMARY
***

    Module                  ro code  ro data  rw data
    ------                  -------  -------  -------
C:\Users\sasha\Documents\keil\kursach\test test\test-test-2\EWARM\test-test-2\Obj: [1]
    main.o                      624               228
    startup_stm32f407xx.o       732
    stm32f4xx_hal.o             172        3       12
    stm32f4xx_hal_adc.o       1 108
    stm32f4xx_hal_cortex.o      202
    stm32f4xx_hal_gpio.o        484
    stm32f4xx_hal_msp.o         240
    stm32f4xx_hal_rcc.o       1 072
    stm32f4xx_it.o               30
    system_stm32f4xx.o           96        1        4
    -------------------------------------------------
    Total:                    4 760        4      244

command line: [2]
    -------------------------------------------------
    Total:

dl7M_tlf.a: [3]
    XShHandles.o                224               128
    XShttio.o                     8        2        8
    div.o                        14
    errno.o                      12        2        4
    exit.o                        4
    fclose.o                    122
    fflush.o                    176
    fputc.o                      86
    fseek.o                      34
    localeconv.o                108       39      136
    low_level_init.o              4
    printf.o                     36
    putchar.o                    12
    setlocale.o                  20       33      116
    xcloseall.o                  88
    xencoding_sb.o               96
    xfgpos.o                     10
    xfiles.o                              65      384
    xfofind.o                   124
    xfspos.o                    214
    xfwprep.o                   182
    xgetmemchunk.o               44                 4
    xmbcurmax.o                  10
    xmbtowc.o                    32
    xprintffull.o             4 454
    xprout.o                     22
    xsyslock_nop.o                4
    xtls.o                        2
    xwctomb.o                    26
    xxmemxfree.o                128
    xxmemxmalloc.o              176                 8
    -------------------------------------------------
    Total:                    6 472      141      788

m7M_tls.a: [4]
    DblAdd.o                    212
    DblCmpGe.o                   46
    DblCmpLe.o                   46
    DblDiv.o                    598
    DblMul.o                    418
    DblSub.o                    384
    DblToI32.o                   88
    I32ToDbl.o                   48
    fpinit_M.o                   34
    xdnorm.o                     66
    xdscale.o                   276
    -------------------------------------------------
    Total:                    2 216

rt7M_tl.a: [5]
    ABImemcpy_unaligned.o       118
    I64DivMod.o                 238
    I64DivZer.o                   2
    cexit.o                      14
    cmain.o                      26
    cstart_closeall.o
    cstartup_M.o                 12
    data_init.o                  40
    memchr.o                     88
    packbits_init_single.o       56
    strchr.o                     22
    strlen.o                     54
    zero_init3.o                 64
    -------------------------------------------------
    Total:                      734

shb_l.a: [6]
    close.o                      26
    dwrite.o                     30
    exit.o                       20
    iarttio.o                   108
    iarwrite.o                   34
    iarwstd.o                    32
    lseek.o                      76
    remove.o                     22
    write.o                      16
    -------------------------------------------------
    Total:                      364

    Gaps                         44        2
    Linker created                        32    1 536
-----------------------------------------------------
    Grand Total:             14 590      179    2 568


*******************************************************************************
*** ENTRY LIST
***

Entry                      Address   Size  Type      Object
-----                      -------   ----  ----      ------
.iar.init_table$$Base   0x08003714          --   Gb  - Linker created -
.iar.init_table$$Limit  0x08003734          --   Gb  - Linker created -
?main                   0x08003755         Code  Gb  cmain.o [5]
ADC_Init                0x08002377   0xe8  Code  Lc  stm32f4xx_hal_adc.o [1]
AHBPrescTable           0x08003590   0x10  Data  Gb  system_stm32f4xx.o [1]
BusFault_Handler        0x0800373b    0x2  Code  Gb  stm32f4xx_it.o [1]
CSTACK$$Base            0x200001f8          --   Gb  - Linker created -
CSTACK$$Limit           0x200005f8          --   Gb  - Linker created -
DebugMon_Handler        0x08003741    0x2  Code  Gb  stm32f4xx_it.o [1]
HAL_ADC_ConfigChannel   0x0800224d  0x104  Code  Gb  stm32f4xx_hal_adc.o [1]
HAL_ADC_GetValue        0x08002247    0x6  Code  Gb  stm32f4xx_hal_adc.o [1]
HAL_ADC_Init            0x08002029   0x50  Code  Gb  stm32f4xx_hal_adc.o [1]
HAL_ADC_MspInit         0x080024dd   0x7c  Code  Gb  stm32f4xx_hal_msp.o [1]
HAL_ADC_PollForConversion
                        0x0800210b   0x9c  Code  Gb  stm32f4xx_hal_adc.o [1]
HAL_ADC_Start           0x08002079   0x52  Code  Gb  stm32f4xx_hal_adc.o [1]
HAL_ADC_Stop            0x080020d9   0x32  Code  Gb  stm32f4xx_hal_adc.o [1]
HAL_Delay               0x080025e9   0x22  Code  Wk  stm32f4xx_hal.o [1]
HAL_GPIO_Init           0x080026e5  0x1b6  Code  Gb  stm32f4xx_hal_gpio.o [1]
HAL_GetTick             0x080025e3    0x6  Code  Wk  stm32f4xx_hal.o [1]
HAL_IncTick             0x080025d5    0xe  Code  Wk  stm32f4xx_hal.o [1]
HAL_Init                0x0800256d   0x30  Code  Gb  stm32f4xx_hal.o [1]
HAL_InitTick            0x0800259d   0x38  Code  Wk  stm32f4xx_hal.o [1]
HAL_MspInit             0x0800247d   0x60  Code  Gb  stm32f4xx_hal_msp.o [1]
HAL_NVIC_SetPriority    0x0800264d   0x3a  Code  Gb  stm32f4xx_hal_cortex.o [1]
HAL_NVIC_SetPriorityGrouping
                        0x08002633   0x1a  Code  Gb  stm32f4xx_hal_cortex.o [1]
HAL_RCC_ClockConfig     0x08002b77   0xfa  Code  Gb  stm32f4xx_hal_rcc.o [1]
HAL_RCC_GetHCLKFreq     0x08002cc9    0x6  Code  Gb  stm32f4xx_hal_rcc.o [1]
HAL_RCC_GetSysClockFreq
                        0x08002c7d   0x4c  Code  Wk  stm32f4xx_hal_rcc.o [1]
HAL_RCC_OscConfig       0x080028c9  0x2a6  Code  Wk  stm32f4xx_hal_rcc.o [1]
HAL_SYSTICK_CLKSourceConfig
                        0x080026af   0x14  Code  Gb  stm32f4xx_hal_cortex.o [1]
HAL_SYSTICK_Callback    0x080026e1    0x2  Code  Wk  stm32f4xx_hal_cortex.o [1]
HAL_SYSTICK_Config      0x08002687   0x28  Code  Gb  stm32f4xx_hal_cortex.o [1]
HAL_SYSTICK_IRQHandler  0x080026d9    0x8  Code  Gb  stm32f4xx_hal_cortex.o [1]
HEAP$$Base              0x200005f8          --   Gb  - Linker created -
HEAP$$Limit             0x200007f8          --   Gb  - Linker created -
HardFault_Handler       0x08003737    0x2  Code  Gb  stm32f4xx_it.o [1]
LoadInt                 0x080007d7   0x6e  Code  Lc  xprintffull.o [3]
MemManage_Handler       0x08003739    0x2  Code  Gb  stm32f4xx_it.o [1]
NMI_Handler             0x08003735    0x2  Code  Gb  stm32f4xx_it.o [1]
NVIC_SetPriority        0x08002619   0x1a  Code  Lc  stm32f4xx_hal_cortex.o [1]
PendSV_Handler          0x08003743    0x2  Code  Gb  stm32f4xx_it.o [1]
Region$$Table$$Base     0x08003714          --   Gb  - Linker created -
Region$$Table$$Limit    0x08003734          --   Gb  - Linker created -
SVC_Handler             0x0800373f    0x2  Code  Gb  stm32f4xx_it.o [1]
SysTick_Handler         0x08003745    0xe  Code  Gb  stm32f4xx_it.o [1]
SystemClock_Config      0x08002e83   0xac  Code  Gb  main.o [1]
SystemCoreClock         0x2000000c    0x4  Data  Gb  system_stm32f4xx.o [1]
SystemInit              0x08003541   0x3a  Code  Gb  system_stm32f4xx.o [1]
UsageFault_Handler      0x0800373d    0x2  Code  Gb  stm32f4xx_it.o [1]
_Close_all              0x080035a1   0x58  Code  Gb  xcloseall.o [3]
_EncodingSb_Mbtowc      0x08001edb   0x30  Code  Gb  xencoding_sb.o [3]
_EncodingSb_Wctomb      0x08001ec1   0x1a  Code  Gb  xencoding_sb.o [3]
_Files                  0x200000d0   0x20  Data  Gb  xfiles.o [3]
_Fofree                 0x08003419   0x78  Code  Gb  xfofind.o [3]
_Fspos                  0x0800306d   0xd6  Code  Gb  xfspos.o [3]
_Fwprep                 0x08003341   0xb6  Code  Gb  xfwprep.o [3]
_GenldFull              0x0800105b  0x24c  Code  Lc  xprintffull.o [3]
_IsdstStr               0x20000184    0x4  Data  Gb  setlocale.o [3]
_LdtobFull              0x08000c59  0x3fc  Code  Lc  xprintffull.o [3]
_LitobFull              0x08000b51  0x106  Code  Lc  xprintffull.o [3]
_LocaleEncoding         0x08001ead    0xe  Code  Gb  setlocale.o [3]
_LocaleReturnString     0x200001a4   0x50  Data  Lc  setlocale.o [3]
_Locale_Profile         0x20000188   0x1c  Data  Gb  setlocale.o [3]
_Locale_aeabi_lconv     0x20000148   0x38  Data  Gb  localeconv.o [3]
_Locale_lconv           0x200000f8   0x50  Data  Gb  localeconv.o [3]
_Mbtowc                 0x080012ef   0x20  Code  Gb  xmbtowc.o [3]
_Nnl                    0x080031f5    0xa  Code  Gb  xfgpos.o [3]
_PrintfFull             0x08000189  0x638  Code  Gb  xprintffull.o [3]
_Prout                  0x0800379d   0x16  Code  Gb  xprout.o [3]
_PutcharsFull           0x080012a7   0x2e  Code  Lc  xprintffull.o [3]
_PutstrFull             0x08000845  0x306  Code  Lc  xprintffull.o [3]
_TzoneStr               0x20000180    0x4  Data  Gb  setlocale.o [3]
_Wctomb                 0x08001475   0x1a  Code  Gb  xwctomb.o [3]
__aeabi_cdcmple         0x080016b9         Code  Gb  DblCmpLe.o [4]
__aeabi_cdrcmple        0x080016e9         Code  Gb  DblCmpGe.o [4]
__aeabi_d2iz            0x0800182d         Code  Gb  DblToI32.o [4]
__aeabi_d2uiz           0x08001859         Code  Gb  DblToI32.o [4]
__aeabi_ddiv            0x08001bd9         Code  Gb  DblDiv.o [4]
__aeabi_dmul            0x08001a35         Code  Gb  DblMul.o [4]
__aeabi_dsub            0x080018b5         Code  Gb  DblSub.o [4]
__aeabi_errno_addr      0x0800324d    0x6  Code  Gb  errno.o [3]
__aeabi_i2d             0x08001885         Code  Gb  I32ToDbl.o [4]
__aeabi_ldiv0           0x08001f4d         Code  Gb  I64DivZer.o [5]
__aeabi_ui2d            0x08001899         Code  Gb  I32ToDbl.o [4]
__aeabi_uldivmod        0x08001589         Code  Gb  I64DivMod.o [5]
__cexit_closeall        0x0800377b         Code  Gb  cexit.o [5]
__close                 0x0800350f   0x1a  Code  Gb  close.o [6]
__cmain                 0x08003755         Code  Gb  cmain.o [5]
__cstart_closeall       0x08003920         Data  Gb  cstart_closeall.o [5]
__data_Aldata           0x200009fc    0x8  Data  Gb  xxmemxmalloc.o [3]
__data_GetMemChunk      0x08001f21   0x2c  Code  Gb  xgetmemchunk.o [3]
__dwrite                0x0800326d   0x1e  Code  Gb  dwrite.o [6]
__exit                  0x08003789   0x14  Code  Gb  exit.o [6]
__iar_Dnorm             0x08001677   0x42  Code  Gb  xdnorm.o [4]
__iar_Dscale            0x08001719  0x114  Code  Gb  xdscale.o [4]
__iar_Errno             0x200001f4    0x4  Data  Gb  errno.o [3]
__iar_Locale_lconv_init
                        0x08001e31   0x3a  Code  Gb  localeconv.o [3]
__iar_Lockfilelock      0x08003259    0x2  Code  Gb  xsyslock_nop.o [3]
__iar_Mbcurmax          0x080013b9    0xa  Code  Gb  xmbcurmax.o [3]
__iar_Memchr            0x08001361         Code  Gb  memchr.o [5]
__iar_Stderr            0x20000090   0x40  Data  Gb  xfiles.o [3]
__iar_Stdin             0x20000010   0x40  Data  Gb  xfiles.o [3]
__iar_Stdout            0x20000050   0x40  Data  Gb  xfiles.o [3]
__iar_Strchr            0x08001311         Code  Gb  strchr.o [5]
__iar_Unlockfilelock    0x0800325b    0x2  Code  Gb  xsyslock_nop.o [3]
__iar_close_ttio        0x080032cd   0x2e  Code  Gb  iarttio.o [6]
__iar_d2uiz             0x08001865         Code  Gb  DblToI32.o [4]
__iar_dadd              0x08001f51         Code  Gb  DblAdd.o [4]
__iar_data_init3        0x080036c9   0x28  Code  Gb  data_init.o [5]
__iar_dlib_perthread_access
                        0x08002025    0x2  Code  Gb  xtls.o [3]
__iar_dsub              0x080018c9         Code  Gb  DblSub.o [4]
__iar_dsubStart         0x080018db         Code  Gb  DblSub.o [4]
__iar_get_ttio          0x080032fd   0x38  Code  Gb  iarttio.o [6]
__iar_init_vfp          0x080036f1         Code  Gb  fpinit_M.o [4]
__iar_lookup_ttioh      0x08003339    0x8  Code  Gb  XShttio.o [3]
__iar_packbits_init_single3
                        0x0800368f   0x38  Code  Gb  packbits_init_single.o [5]
__iar_program_start     0x080037d1         Code  Gb  cstartup_M.o [5]
__iar_sh_Discard        0x08002f8d   0x44  Code  Gb  XShHandles.o [3]
__iar_sh_Move           0x08002fd7   0x4c  Code  Gb  XShHandles.o [3]
__iar_sh_Pos            0x08003023   0x44  Code  Gb  XShHandles.o [3]
__iar_sh_stdout         0x0800328b   0x20  Code  Gb  iarwstd.o [6]
__iar_sh_write          0x080032ab   0x22  Code  Gb  iarwrite.o [6]
__iar_ttio_handles      0x200000f0    0x8  Data  Lc  XShttio.o [3]
__iar_ui2d              0x0800189d         Code  Gb  I32ToDbl.o [4]
__iar_unaligned___aeabi_memcpy
                        0x08001491         Code  Gb  ABImemcpy_unaligned.o [5]
__iar_unaligned___aeabi_memcpy4
                        0x080014b1         Code  Gb  ABImemcpy_unaligned.o [5]
__iar_unaligned___aeabi_memcpy8
                        0x080014b1         Code  Gb  ABImemcpy_unaligned.o [5]
__iar_zero_init3        0x0800364f   0x40  Code  Gb  zero_init3.o [5]
__low_level_init        0x0800376f    0x4  Code  Gb  low_level_init.o [3]
__lseek                 0x080031ff   0x4c  Code  Gb  lseek.o [6]
__vector_table          0x08000000         Data  Gb  startup_stm32f407xx.o [1]
__write                 0x0800325d   0x10  Code  Gb  write.o [6]
_call_main              0x08003761         Code  Gb  cmain.o [5]
_exit                   0x08003779         Code  Gb  cexit.o [5]
_main                   0x0800376b         Code  Gb  cmain.o [5]
div                     0x08001e9d    0xe  Code  Gb  div.o [3]
ebuf                    0x2000095c   0x50  Data  Lc  xfiles.o [3]
exit                    0x08003773    0x4  Code  Gb  exit.o [3]
fclose                  0x08003495   0x7a  Code  Gb  fclose.o [3]
fflush                  0x080031bb   0x34  Code  Gb  fflush.o [3]
fflushOne               0x08003145   0x76  Code  Lc  fflush.o [3]
fputc                   0x080035f9   0x56  Code  Gb  fputc.o [3]
free                    0x08001509   0x7a  Code  Gb  xxmemxfree.o [3]
fseek                   0x080033f7   0x22  Code  Gb  fseek.o [3]
hadc1                   0x200007f8   0x48  Data  Gb  main.o [1]
hadc2                   0x20000840   0x48  Data  Gb  main.o [1]
hadc3                   0x20000888   0x48  Data  Gb  main.o [1]
localeconv              0x08001e6b   0x16  Code  Gb  localeconv.o [3]
main                    0x08002cf9  0x17c  Code  Gb  main.o [1]
malloc                  0x080013c5   0xac  Code  Gb  xxmemxmalloc.o [3]
memchr                  0x08001361         Code  Gb  memchr.o [5]
obuf                    0x200009ac   0x50  Data  Lc  xfiles.o [3]
printf                  0x08002f69   0x24  Code  Gb  printf.o [3]
putchar                 0x080037b5    0xc  Code  Gb  putchar.o [3]
remove                  0x08003529   0x16  Code  Gb  remove.o [6]
res1                    0x200008d0    0x4  Data  Gb  main.o [1]
res2                    0x200008d4    0x4  Data  Gb  main.o [1]
res3                    0x200008d8    0x4  Data  Gb  main.o [1]
sFileInfo               0x200008dc   0x80  Data  Lc  XShHandles.o [3]
strchr                  0x08001311         Code  Gb  strchr.o [5]
strlen                  0x08001329         Code  Gb  strlen.o [5]
uwTick                  0x20000004    0x4  Data  Gb  stm32f4xx_hal.o [1]
uwTickFreq              0x20000000    0x1  Data  Gb  stm32f4xx_hal.o [1]
uwTickPrio              0x20000008    0x4  Data  Gb  stm32f4xx_hal.o [1]


[1] = C:\Users\sasha\Documents\keil\kursach\test test\test-test-2\EWARM\test-test-2\Obj
[2] = command line
[3] = dl7M_tlf.a
[4] = m7M_tls.a
[5] = rt7M_tl.a
[6] = shb_l.a

  14 590 bytes of readonly  code memory
     179 bytes of readonly  data memory
   2 568 bytes of readwrite data memory

Errors: none
Warnings: none
